Microsoft Windows [Version 6.1.7601]
Copyright (c) 2009 Microsoft Corporation.  All rights reserved.

E:\NareshIT\BASIC-CSS-APP>git init
Initialized empty Git repository in E:/NareshIT/BASIC-CSS-APP/.git/

E:\NareshIT\BASIC-CSS-APP>git remote add origin https://github.com/

E:\NareshIT\BASIC-CSS-APP>git status
On branch master

No commits yet

Untracked files:
  (use "git add <file>..." to include in what will be committed)
        index.html

nothing added to commit but untracked files present (use "git add" 

E:\NareshIT\BASIC-CSS-APP>git add .

E:\NareshIT\BASIC-CSS-APP>git status
On branch master

No commits yet

Changes to be committed:
  (use "git rm --cached <file>..." to unstage)
        new file:   index.html


E:\NareshIT\BASIC-CSS-APP>git commit -am 'my first Commit for CSS'
fatal: paths 'first ...' with -a does not make sense

E:\NareshIT\BASIC-CSS-APP>git commit -m 'my first Commit for CSS'
error: pathspec 'first' did not match any file(s) known to git
error: pathspec 'Commit' did not match any file(s) known to git
error: pathspec 'for' did not match any file(s) known to git
error: pathspec 'CSS'' did not match any file(s) known to git

E:\NareshIT\BASIC-CSS-APP>git commit -am "my first Commit for CSS"
[master (root-commit) 5ddd53f] my first Commit for CSS
 1 file changed, 10 insertions(+)
 create mode 100644 index.html

E:\NareshIT\BASIC-CSS-APP>git push origin master
remote: Repository not found.
fatal: repository 'https://github.com/gitkumar085/basic-css-app.git

 // We need to create one repository in github accound to push so first create folder on 
 github browser with the same name




E:\NareshIT\BASIC-CSS-APP>git push origin master
Enumerating objects: 3, done.
Counting objects: 100% (3/3), done.
Delta compression using up to 4 threads
Compressing objects: 100% (2/2), done.
Writing objects: 100% (3/3), 351 bytes | 175
Total 3 (delta 0), reused 0 (delta 0), pack-
To https://github.com/gitkumar085/basic-css-
 * [new branch]      master -> master

E:\NareshIT\BASIC-CSS-APP>git status
On branch master
nothing to commit, working tree clean

E:\NareshIT\BASIC-CSS-APP>